[2026-06-27 08:12:59] production.ERROR: Class "Barryvdh\DomPDF\ServiceProvider" not found {"exception":"[object] (Error(code: 0): Class \"Barryvdh\\DomPDF\\ServiceProvider\" not found at /home/u454421092/domains/wasanthaproducts.com/public_html/inventory/vendor/laravel/framework/src/Illuminate/Foundation/Application.php:961)
[stacktrace]
#0 /home/u454421092/domains/wasanthaproducts.com/public_html/inventory/vendor/laravel/framework/src/Illuminate/Foundation/Application.php(893): Illuminate\\Foundation\\Application->resolveProvider()
#1 /home/u454421092/domains/wasanthaproducts.com/public_html/inventory/vendor/laravel/framework/src/Illuminate/Foundation/ProviderRepository.php(74): Illuminate\\Foundation\\Application->register()
#2 /home/u454421092/domains/wasanthaproducts.com/public_html/inventory/vendor/laravel/framework/src/Illuminate/Foundation/Application.php(871): Illuminate\\Foundation\\ProviderRepository->load()
#3 /home/u454421092/domains/wasanthaproducts.com/public_html/inventory/vendor/laravel/framework/src/Illuminate/Foundation/Bootstrap/RegisterProviders.php(37): Illuminate\\Foundation\\Application->registerConfiguredProviders()
#4 /home/u454421092/domains/wasanthaproducts.com/public_html/inventory/vendor/laravel/framework/src/Illuminate/Foundation/Application.php(342): Illuminate\\Foundation\\Bootstrap\\RegisterProviders->bootstrap()
#5 /home/u454421092/domains/wasanthaproducts.com/public_html/inventory/vendor/laravel/framework/src/Illuminate/Foundation/Http/Kernel.php(186): Illuminate\\Foundation\\Application->bootstrapWith()
#6 /home/u454421092/domains/wasanthaproducts.com/public_html/inventory/vendor/laravel/framework/src/Illuminate/Foundation/Http/Kernel.php(170): Illuminate\\Foundation\\Http\\Kernel->bootstrap()
#7 /home/u454421092/domains/wasanthaproducts.com/public_html/inventory/vendor/laravel/framework/src/Illuminate/Foundation/Http/Kernel.php(144): Illuminate\\Foundation\\Http\\Kernel->sendRequestThroughRouter()
#8 /home/u454421092/domains/wasanthaproducts.com/public_html/inventory/vendor/laravel/framework/src/Illuminate/Foundation/Application.php(1220): Illuminate\\Foundation\\Http\\Kernel->handle()
#9 /home/u454421092/domains/wasanthaproducts.com/public_html/inventory/public/index.php(20): Illuminate\\Foundation\\Application->handleRequest()
#10 {main}
"} 
[2026-06-27 08:12:59] production.ERROR: Target class [translator] does not exist. (View: /home/u454421092/domains/wasanthaproducts.com/public_html/inventory/vendor/laravel/framework/src/Illuminate/Foundation/Exceptions/views/500.blade.php) {"exception":"[object] (Illuminate\\View\\ViewException(code: 0): Target class [translator] does not exist. (View: /home/u454421092/domains/wasanthaproducts.com/public_html/inventory/vendor/laravel/framework/src/Illuminate/Foundation/Exceptions/views/500.blade.php) at /home/u454421092/domains/wasanthaproducts.com/public_html/inventory/vendor/laravel/framework/src/Illuminate/Container/Container.php:1124)
[stacktrace]
#0 /home/u454421092/domains/wasanthaproducts.com/public_html/inventory/vendor/laravel/framework/src/Illuminate/View/Engines/PhpEngine.php(59): Illuminate\\View\\Engines\\CompilerEngine->handleViewException()
#1 /home/u454421092/domains/wasanthaproducts.com/public_html/inventory/vendor/laravel/framework/src/Illuminate/View/Engines/CompilerEngine.php(76): Illuminate\\View\\Engines\\PhpEngine->evaluatePath()
#2 /home/u454421092/domains/wasanthaproducts.com/public_html/inventory/vendor/laravel/framework/src/Illuminate/View/View.php(208): Illuminate\\View\\Engines\\CompilerEngine->get()
#3 /home/u454421092/domains/wasanthaproducts.com/public_html/inventory/vendor/laravel/framework/src/Illuminate/View/View.php(191): Illuminate\\View\\View->getContents()
#4 /home/u454421092/domains/wasanthaproducts.com/public_html/inventory/vendor/laravel/framework/src/Illuminate/View/View.php(160): Illuminate\\View\\View->renderContents()
#5 /home/u454421092/domains/wasanthaproducts.com/public_html/inventory/vendor/laravel/framework/src/Illuminate/Http/Response.php(78): Illuminate\\View\\View->render()
#6 /home/u454421092/domains/wasanthaproducts.com/public_html/inventory/vendor/laravel/framework/src/Illuminate/Http/Response.php(34): Illuminate\\Http\\Response->setContent()
#7 /home/u454421092/domains/wasanthaproducts.com/public_html/inventory/vendor/laravel/framework/src/Illuminate/Routing/ResponseFactory.php(61): Illuminate\\Http\\Response->__construct()
#8 /home/u454421092/domains/wasanthaproducts.com/public_html/inventory/vendor/laravel/framework/src/Illuminate/Routing/ResponseFactory.php(91): Illuminate\\Routing\\ResponseFactory->make()
#9 /home/u454421092/domains/wasanthaproducts.com/public_html/inventory/vendor/laravel/framework/src/Illuminate/Foundation/Exceptions/Handler.php(926): Illuminate\\Routing\\ResponseFactory->view()
#10 /home/u454421092/domains/wasanthaproducts.com/public_html/inventory/vendor/laravel/framework/src/Illuminate/Foundation/Exceptions/Handler.php(847): Illuminate\\Foundation\\Exceptions\\Handler->renderHttpException()
#11 /home/u454421092/domains/wasanthaproducts.com/public_html/inventory/vendor/laravel/framework/src/Illuminate/Foundation/Exceptions/Handler.php(738): Illuminate\\Foundation\\Exceptions\\Handler->prepareResponse()
#12 /home/u454421092/domains/wasanthaproducts.com/public_html/inventory/vendor/laravel/framework/src/Illuminate/Foundation/Exceptions/Handler.php(626): Illuminate\\Foundation\\Exceptions\\Handler->renderExceptionResponse()
#13 /home/u454421092/domains/wasanthaproducts.com/public_html/inventory/vendor/laravel/framework/src/Illuminate/Foundation/Http/Kernel.php(574): Illuminate\\Foundation\\Exceptions\\Handler->render()
#14 /home/u454421092/domains/wasanthaproducts.com/public_html/inventory/vendor/laravel/framework/src/Illuminate/Foundation/Http/Kernel.php(148): Illuminate\\Foundation\\Http\\Kernel->renderException()
#15 /home/u454421092/domains/wasanthaproducts.com/public_html/inventory/vendor/laravel/framework/src/Illuminate/Foundation/Application.php(1220): Illuminate\\Foundation\\Http\\Kernel->handle()
#16 /home/u454421092/domains/wasanthaproducts.com/public_html/inventory/public/index.php(20): Illuminate\\Foundation\\Application->handleRequest()
#17 {main}

[previous exception] [object] (Illuminate\\Contracts\\Container\\BindingResolutionException(code: 0): Target class [translator] does not exist. at /home/u454421092/domains/wasanthaproducts.com/public_html/inventory/vendor/laravel/framework/src/Illuminate/Container/Container.php:1124)
[stacktrace]
#0 /home/u454421092/domains/wasanthaproducts.com/public_html/inventory/vendor/laravel/framework/src/Illuminate/Container/Container.php(933): Illuminate\\Container\\Container->build()
#1 /home/u454421092/domains/wasanthaproducts.com/public_html/inventory/vendor/laravel/framework/src/Illuminate/Foundation/Application.php(1078): Illuminate\\Container\\Container->resolve()
#2 /home/u454421092/domains/wasanthaproducts.com/public_html/inventory/vendor/laravel/framework/src/Illuminate/Container/Container.php(864): Illuminate\\Foundation\\Application->resolve()
#3 /home/u454421092/domains/wasanthaproducts.com/public_html/inventory/vendor/laravel/framework/src/Illuminate/Foundation/Application.php(1058): Illuminate\\Container\\Container->make()
#4 /home/u454421092/domains/wasanthaproducts.com/public_html/inventory/vendor/laravel/framework/src/Illuminate/Foundation/helpers.php(138): Illuminate\\Foundation\\Application->make()
#5 /home/u454421092/domains/wasanthaproducts.com/public_html/inventory/vendor/laravel/framework/src/Illuminate/Foundation/helpers.php(996): app()
#6 /home/u454421092/domains/wasanthaproducts.com/public_html/inventory/vendor/laravel/framework/src/Illuminate/Foundation/helpers.php(1028): trans()
#7 /home/u454421092/domains/wasanthaproducts.com/public_html/inventory/public/C:\\Users\\Dell\\Desktop\\Snack-MMS\\backend\\storage\\framework\\views/9683a9544c45d41f5b8cd1c2c101c1f4.php(1): __()
#8 /home/u454421092/domains/wasanthaproducts.com/public_html/inventory/vendor/laravel/framework/src/Illuminate/Filesystem/Filesystem.php(123): require('/home/u45442109...')
#9 /home/u454421092/domains/wasanthaproducts.com/public_html/inventory/vendor/laravel/framework/src/Illuminate/Filesystem/Filesystem.php(124): Illuminate\\Filesystem\\Filesystem::Illuminate\\Filesystem\\{closure}()
#10 /home/u454421092/domains/wasanthaproducts.com/public_html/inventory/vendor/laravel/framework/src/Illuminate/View/Engines/PhpEngine.php(57): Illuminate\\Filesystem\\Filesystem->getRequire()
#11 /home/u454421092/domains/wasanthaproducts.com/public_html/inventory/vendor/laravel/framework/src/Illuminate/View/Engines/CompilerEngine.php(76): Illuminate\\View\\Engines\\PhpEngine->evaluatePath()
#12 /home/u454421092/domains/wasanthaproducts.com/public_html/inventory/vendor/laravel/framework/src/Illuminate/View/View.php(208): Illuminate\\View\\Engines\\CompilerEngine->get()
#13 /home/u454421092/domains/wasanthaproducts.com/public_html/inventory/vendor/laravel/framework/src/Illuminate/View/View.php(191): Illuminate\\View\\View->getContents()
#14 /home/u454421092/domains/wasanthaproducts.com/public_html/inventory/vendor/laravel/framework/src/Illuminate/View/View.php(160): Illuminate\\View\\View->renderContents()
#15 /home/u454421092/domains/wasanthaproducts.com/public_html/inventory/vendor/laravel/framework/src/Illuminate/Http/Response.php(78): Illuminate\\View\\View->render()
#16 /home/u454421092/domains/wasanthaproducts.com/public_html/inventory/vendor/laravel/framework/src/Illuminate/Http/Response.php(34): Illuminate\\Http\\Response->setContent()
#17 /home/u454421092/domains/wasanthaproducts.com/public_html/inventory/vendor/laravel/framework/src/Illuminate/Routing/ResponseFactory.php(61): Illuminate\\Http\\Response->__construct()
#18 /home/u454421092/domains/wasanthaproducts.com/public_html/inventory/vendor/laravel/framework/src/Illuminate/Routing/ResponseFactory.php(91): Illuminate\\Routing\\ResponseFactory->make()
#19 /home/u454421092/domains/wasanthaproducts.com/public_html/inventory/vendor/laravel/framework/src/Illuminate/Foundation/Exceptions/Handler.php(926): Illuminate\\Routing\\ResponseFactory->view()
#20 /home/u454421092/domains/wasanthaproducts.com/public_html/inventory/vendor/laravel/framework/src/Illuminate/Foundation/Exceptions/Handler.php(847): Illuminate\\Foundation\\Exceptions\\Handler->renderHttpException()
#21 /home/u454421092/domains/wasanthaproducts.com/public_html/inventory/vendor/laravel/framework/src/Illuminate/Foundation/Exceptions/Handler.php(738): Illuminate\\Foundation\\Exceptions\\Handler->prepareResponse()
#22 /home/u454421092/domains/wasanthaproducts.com/public_html/inventory/vendor/laravel/framework/src/Illuminate/Foundation/Exceptions/Handler.php(626): Illuminate\\Foundation\\Exceptions\\Handler->renderExceptionResponse()
#23 /home/u454421092/domains/wasanthaproducts.com/public_html/inventory/vendor/laravel/framework/src/Illuminate/Foundation/Http/Kernel.php(574): Illuminate\\Foundation\\Exceptions\\Handler->render()
#24 /home/u454421092/domains/wasanthaproducts.com/public_html/inventory/vendor/laravel/framework/src/Illuminate/Foundation/Http/Kernel.php(148): Illuminate\\Foundation\\Http\\Kernel->renderException()
#25 /home/u454421092/domains/wasanthaproducts.com/public_html/inventory/vendor/laravel/framework/src/Illuminate/Foundation/Application.php(1220): Illuminate\\Foundation\\Http\\Kernel->handle()
#26 /home/u454421092/domains/wasanthaproducts.com/public_html/inventory/public/index.php(20): Illuminate\\Foundation\\Application->handleRequest()
#27 {main}

[previous exception] [object] (ReflectionException(code: -1): Class \"translator\" does not exist at /home/u454421092/domains/wasanthaproducts.com/public_html/inventory/vendor/laravel/framework/src/Illuminate/Container/Container.php:1122)
[stacktrace]
#0 /home/u454421092/domains/wasanthaproducts.com/public_html/inventory/vendor/laravel/framework/src/Illuminate/Container/Container.php(1122): ReflectionClass->__construct()
#1 /home/u454421092/domains/wasanthaproducts.com/public_html/inventory/vendor/laravel/framework/src/Illuminate/Container/Container.php(933): Illuminate\\Container\\Container->build()
#2 /home/u454421092/domains/wasanthaproducts.com/public_html/inventory/vendor/laravel/framework/src/Illuminate/Foundation/Application.php(1078): Illuminate\\Container\\Container->resolve()
#3 /home/u454421092/domains/wasanthaproducts.com/public_html/inventory/vendor/laravel/framework/src/Illuminate/Container/Container.php(864): Illuminate\\Foundation\\Application->resolve()
#4 /home/u454421092/domains/wasanthaproducts.com/public_html/inventory/vendor/laravel/framework/src/Illuminate/Foundation/Application.php(1058): Illuminate\\Container\\Container->make()
#5 /home/u454421092/domains/wasanthaproducts.com/public_html/inventory/vendor/laravel/framework/src/Illuminate/Foundation/helpers.php(138): Illuminate\\Foundation\\Application->make()
#6 /home/u454421092/domains/wasanthaproducts.com/public_html/inventory/vendor/laravel/framework/src/Illuminate/Foundation/helpers.php(996): app()
#7 /home/u454421092/domains/wasanthaproducts.com/public_html/inventory/vendor/laravel/framework/src/Illuminate/Foundation/helpers.php(1028): trans()
#8 /home/u454421092/domains/wasanthaproducts.com/public_html/inventory/public/C:\\Users\\Dell\\Desktop\\Snack-MMS\\backend\\storage\\framework\\views/9683a9544c45d41f5b8cd1c2c101c1f4.php(1): __()
#9 /home/u454421092/domains/wasanthaproducts.com/public_html/inventory/vendor/laravel/framework/src/Illuminate/Filesystem/Filesystem.php(123): require('/home/u45442109...')
#10 /home/u454421092/domains/wasanthaproducts.com/public_html/inventory/vendor/laravel/framework/src/Illuminate/Filesystem/Filesystem.php(124): Illuminate\\Filesystem\\Filesystem::Illuminate\\Filesystem\\{closure}()
#11 /home/u454421092/domains/wasanthaproducts.com/public_html/inventory/vendor/laravel/framework/src/Illuminate/View/Engines/PhpEngine.php(57): Illuminate\\Filesystem\\Filesystem->getRequire()
#12 /home/u454421092/domains/wasanthaproducts.com/public_html/inventory/vendor/laravel/framework/src/Illuminate/View/Engines/CompilerEngine.php(76): Illuminate\\View\\Engines\\PhpEngine->evaluatePath()
#13 /home/u454421092/domains/wasanthaproducts.com/public_html/inventory/vendor/laravel/framework/src/Illuminate/View/View.php(208): Illuminate\\View\\Engines\\CompilerEngine->get()
#14 /home/u454421092/domains/wasanthaproducts.com/public_html/inventory/vendor/laravel/framework/src/Illuminate/View/View.php(191): Illuminate\\View\\View->getContents()
#15 /home/u454421092/domains/wasanthaproducts.com/public_html/inventory/vendor/laravel/framework/src/Illuminate/View/View.php(160): Illuminate\\View\\View->renderContents()
#16 /home/u454421092/domains/wasanthaproducts.com/public_html/inventory/vendor/laravel/framework/src/Illuminate/Http/Response.php(78): Illuminate\\View\\View->render()
#17 /home/u454421092/domains/wasanthaproducts.com/public_html/inventory/vendor/laravel/framework/src/Illuminate/Http/Response.php(34): Illuminate\\Http\\Response->setContent()
#18 /home/u454421092/domains/wasanthaproducts.com/public_html/inventory/vendor/laravel/framework/src/Illuminate/Routing/ResponseFactory.php(61): Illuminate\\Http\\Response->__construct()
#19 /home/u454421092/domains/wasanthaproducts.com/public_html/inventory/vendor/laravel/framework/src/Illuminate/Routing/ResponseFactory.php(91): Illuminate\\Routing\\ResponseFactory->make()
#20 /home/u454421092/domains/wasanthaproducts.com/public_html/inventory/vendor/laravel/framework/src/Illuminate/Foundation/Exceptions/Handler.php(926): Illuminate\\Routing\\ResponseFactory->view()
#21 /home/u454421092/domains/wasanthaproducts.com/public_html/inventory/vendor/laravel/framework/src/Illuminate/Foundation/Exceptions/Handler.php(847): Illuminate\\Foundation\\Exceptions\\Handler->renderHttpException()
#22 /home/u454421092/domains/wasanthaproducts.com/public_html/inventory/vendor/laravel/framework/src/Illuminate/Foundation/Exceptions/Handler.php(738): Illuminate\\Foundation\\Exceptions\\Handler->prepareResponse()
#23 /home/u454421092/domains/wasanthaproducts.com/public_html/inventory/vendor/laravel/framework/src/Illuminate/Foundation/Exceptions/Handler.php(626): Illuminate\\Foundation\\Exceptions\\Handler->renderExceptionResponse()
#24 /home/u454421092/domains/wasanthaproducts.com/public_html/inventory/vendor/laravel/framework/src/Illuminate/Foundation/Http/Kernel.php(574): Illuminate\\Foundation\\Exceptions\\Handler->render()
#25 /home/u454421092/domains/wasanthaproducts.com/public_html/inventory/vendor/laravel/framework/src/Illuminate/Foundation/Http/Kernel.php(148): Illuminate\\Foundation\\Http\\Kernel->renderException()
#26 /home/u454421092/domains/wasanthaproducts.com/public_html/inventory/vendor/laravel/framework/src/Illuminate/Foundation/Application.php(1220): Illuminate\\Foundation\\Http\\Kernel->handle()
#27 /home/u454421092/domains/wasanthaproducts.com/public_html/inventory/public/index.php(20): Illuminate\\Foundation\\Application->handleRequest()
#28 {main}
"} 
[2026-06-27 08:16:15] production.ERROR: Class "Barryvdh\DomPDF\ServiceProvider" not found {"exception":"[object] (Error(code: 0): Class \"Barryvdh\\DomPDF\\ServiceProvider\" not found at /home/u454421092/domains/wasanthaproducts.com/public_html/inventory/vendor/laravel/framework/src/Illuminate/Foundation/Application.php:961)
[stacktrace]
#0 /home/u454421092/domains/wasanthaproducts.com/public_html/inventory/vendor/laravel/framework/src/Illuminate/Foundation/Application.php(893): Illuminate\\Foundation\\Application->resolveProvider()
#1 /home/u454421092/domains/wasanthaproducts.com/public_html/inventory/vendor/laravel/framework/src/Illuminate/Foundation/ProviderRepository.php(74): Illuminate\\Foundation\\Application->register()
#2 /home/u454421092/domains/wasanthaproducts.com/public_html/inventory/vendor/laravel/framework/src/Illuminate/Foundation/Application.php(871): Illuminate\\Foundation\\ProviderRepository->load()
#3 /home/u454421092/domains/wasanthaproducts.com/public_html/inventory/vendor/laravel/framework/src/Illuminate/Foundation/Bootstrap/RegisterProviders.php(37): Illuminate\\Foundation\\Application->registerConfiguredProviders()
#4 /home/u454421092/domains/wasanthaproducts.com/public_html/inventory/vendor/laravel/framework/src/Illuminate/Foundation/Application.php(342): Illuminate\\Foundation\\Bootstrap\\RegisterProviders->bootstrap()
#5 /home/u454421092/domains/wasanthaproducts.com/public_html/inventory/vendor/laravel/framework/src/Illuminate/Foundation/Http/Kernel.php(186): Illuminate\\Foundation\\Application->bootstrapWith()
#6 /home/u454421092/domains/wasanthaproducts.com/public_html/inventory/vendor/laravel/framework/src/Illuminate/Foundation/Http/Kernel.php(170): Illuminate\\Foundation\\Http\\Kernel->bootstrap()
#7 /home/u454421092/domains/wasanthaproducts.com/public_html/inventory/vendor/laravel/framework/src/Illuminate/Foundation/Http/Kernel.php(144): Illuminate\\Foundation\\Http\\Kernel->sendRequestThroughRouter()
#8 /home/u454421092/domains/wasanthaproducts.com/public_html/inventory/vendor/laravel/framework/src/Illuminate/Foundation/Application.php(1220): Illuminate\\Foundation\\Http\\Kernel->handle()
#9 /home/u454421092/domains/wasanthaproducts.com/public_html/inventory/public/index.php(20): Illuminate\\Foundation\\Application->handleRequest()
#10 {main}
"} 
[2026-06-27 08:16:15] production.ERROR: Class "Barryvdh\DomPDF\ServiceProvider" not found {"exception":"[object] (Error(code: 0): Class \"Barryvdh\\DomPDF\\ServiceProvider\" not found at /home/u454421092/domains/wasanthaproducts.com/public_html/inventory/vendor/laravel/framework/src/Illuminate/Foundation/Application.php:961)
[stacktrace]
#0 /home/u454421092/domains/wasanthaproducts.com/public_html/inventory/vendor/laravel/framework/src/Illuminate/Foundation/Application.php(893): Illuminate\\Foundation\\Application->resolveProvider()
#1 /home/u454421092/domains/wasanthaproducts.com/public_html/inventory/vendor/laravel/framework/src/Illuminate/Foundation/ProviderRepository.php(74): Illuminate\\Foundation\\Application->register()
#2 /home/u454421092/domains/wasanthaproducts.com/public_html/inventory/vendor/laravel/framework/src/Illuminate/Foundation/Application.php(871): Illuminate\\Foundation\\ProviderRepository->load()
#3 /home/u454421092/domains/wasanthaproducts.com/public_html/inventory/vendor/laravel/framework/src/Illuminate/Foundation/Bootstrap/RegisterProviders.php(37): Illuminate\\Foundation\\Application->registerConfiguredProviders()
#4 /home/u454421092/domains/wasanthaproducts.com/public_html/inventory/vendor/laravel/framework/src/Illuminate/Foundation/Application.php(342): Illuminate\\Foundation\\Bootstrap\\RegisterProviders->bootstrap()
#5 /home/u454421092/domains/wasanthaproducts.com/public_html/inventory/vendor/laravel/framework/src/Illuminate/Foundation/Http/Kernel.php(186): Illuminate\\Foundation\\Application->bootstrapWith()
#6 /home/u454421092/domains/wasanthaproducts.com/public_html/inventory/vendor/laravel/framework/src/Illuminate/Foundation/Http/Kernel.php(170): Illuminate\\Foundation\\Http\\Kernel->bootstrap()
#7 /home/u454421092/domains/wasanthaproducts.com/public_html/inventory/vendor/laravel/framework/src/Illuminate/Foundation/Http/Kernel.php(144): Illuminate\\Foundation\\Http\\Kernel->sendRequestThroughRouter()
#8 /home/u454421092/domains/wasanthaproducts.com/public_html/inventory/vendor/laravel/framework/src/Illuminate/Foundation/Application.php(1220): Illuminate\\Foundation\\Http\\Kernel->handle()
#9 /home/u454421092/domains/wasanthaproducts.com/public_html/inventory/public/index.php(20): Illuminate\\Foundation\\Application->handleRequest()
#10 {main}
"} 
[2026-06-27 08:16:15] production.ERROR: Target class [translator] does not exist. (View: /home/u454421092/domains/wasanthaproducts.com/public_html/inventory/vendor/laravel/framework/src/Illuminate/Foundation/Exceptions/views/500.blade.php) {"exception":"[object] (Illuminate\\View\\ViewException(code: 0): Target class [translator] does not exist. (View: /home/u454421092/domains/wasanthaproducts.com/public_html/inventory/vendor/laravel/framework/src/Illuminate/Foundation/Exceptions/views/500.blade.php) at /home/u454421092/domains/wasanthaproducts.com/public_html/inventory/vendor/laravel/framework/src/Illuminate/Container/Container.php:1124)
[stacktrace]
#0 /home/u454421092/domains/wasanthaproducts.com/public_html/inventory/vendor/laravel/framework/src/Illuminate/View/Engines/PhpEngine.php(59): Illuminate\\View\\Engines\\CompilerEngine->handleViewException()
#1 /home/u454421092/domains/wasanthaproducts.com/public_html/inventory/vendor/laravel/framework/src/Illuminate/View/Engines/CompilerEngine.php(76): Illuminate\\View\\Engines\\PhpEngine->evaluatePath()
#2 /home/u454421092/domains/wasanthaproducts.com/public_html/inventory/vendor/laravel/framework/src/Illuminate/View/View.php(208): Illuminate\\View\\Engines\\CompilerEngine->get()
#3 /home/u454421092/domains/wasanthaproducts.com/public_html/inventory/vendor/laravel/framework/src/Illuminate/View/View.php(191): Illuminate\\View\\View->getContents()
#4 /home/u454421092/domains/wasanthaproducts.com/public_html/inventory/vendor/laravel/framework/src/Illuminate/View/View.php(160): Illuminate\\View\\View->renderContents()
#5 /home/u454421092/domains/wasanthaproducts.com/public_html/inventory/vendor/laravel/framework/src/Illuminate/Http/Response.php(78): Illuminate\\View\\View->render()
#6 /home/u454421092/domains/wasanthaproducts.com/public_html/inventory/vendor/laravel/framework/src/Illuminate/Http/Response.php(34): Illuminate\\Http\\Response->setContent()
#7 /home/u454421092/domains/wasanthaproducts.com/public_html/inventory/vendor/laravel/framework/src/Illuminate/Routing/ResponseFactory.php(61): Illuminate\\Http\\Response->__construct()
#8 /home/u454421092/domains/wasanthaproducts.com/public_html/inventory/vendor/laravel/framework/src/Illuminate/Routing/ResponseFactory.php(91): Illuminate\\Routing\\ResponseFactory->make()
#9 /home/u454421092/domains/wasanthaproducts.com/public_html/inventory/vendor/laravel/framework/src/Illuminate/Foundation/Exceptions/Handler.php(926): Illuminate\\Routing\\ResponseFactory->view()
#10 /home/u454421092/domains/wasanthaproducts.com/public_html/inventory/vendor/laravel/framework/src/Illuminate/Foundation/Exceptions/Handler.php(847): Illuminate\\Foundation\\Exceptions\\Handler->renderHttpException()
#11 /home/u454421092/domains/wasanthaproducts.com/public_html/inventory/vendor/laravel/framework/src/Illuminate/Foundation/Exceptions/Handler.php(738): Illuminate\\Foundation\\Exceptions\\Handler->prepareResponse()
#12 /home/u454421092/domains/wasanthaproducts.com/public_html/inventory/vendor/laravel/framework/src/Illuminate/Foundation/Exceptions/Handler.php(626): Illuminate\\Foundation\\Exceptions\\Handler->renderExceptionResponse()
#13 /home/u454421092/domains/wasanthaproducts.com/public_html/inventory/vendor/laravel/framework/src/Illuminate/Foundation/Http/Kernel.php(574): Illuminate\\Foundation\\Exceptions\\Handler->render()
#14 /home/u454421092/domains/wasanthaproducts.com/public_html/inventory/vendor/laravel/framework/src/Illuminate/Foundation/Http/Kernel.php(148): Illuminate\\Foundation\\Http\\Kernel->renderException()
#15 /home/u454421092/domains/wasanthaproducts.com/public_html/inventory/vendor/laravel/framework/src/Illuminate/Foundation/Application.php(1220): Illuminate\\Foundation\\Http\\Kernel->handle()
#16 /home/u454421092/domains/wasanthaproducts.com/public_html/inventory/public/index.php(20): Illuminate\\Foundation\\Application->handleRequest()
#17 {main}

[previous exception] [object] (Illuminate\\Contracts\\Container\\BindingResolutionException(code: 0): Target class [translator] does not exist. at /home/u454421092/domains/wasanthaproducts.com/public_html/inventory/vendor/laravel/framework/src/Illuminate/Container/Container.php:1124)
[stacktrace]
#0 /home/u454421092/domains/wasanthaproducts.com/public_html/inventory/vendor/laravel/framework/src/Illuminate/Container/Container.php(933): Illuminate\\Container\\Container->build()
#1 /home/u454421092/domains/wasanthaproducts.com/public_html/inventory/vendor/laravel/framework/src/Illuminate/Foundation/Application.php(1078): Illuminate\\Container\\Container->resolve()
#2 /home/u454421092/domains/wasanthaproducts.com/public_html/inventory/vendor/laravel/framework/src/Illuminate/Container/Container.php(864): Illuminate\\Foundation\\Application->resolve()
#3 /home/u454421092/domains/wasanthaproducts.com/public_html/inventory/vendor/laravel/framework/src/Illuminate/Foundation/Application.php(1058): Illuminate\\Container\\Container->make()
#4 /home/u454421092/domains/wasanthaproducts.com/public_html/inventory/vendor/laravel/framework/src/Illuminate/Foundation/helpers.php(138): Illuminate\\Foundation\\Application->make()
#5 /home/u454421092/domains/wasanthaproducts.com/public_html/inventory/vendor/laravel/framework/src/Illuminate/Foundation/helpers.php(996): app()
#6 /home/u454421092/domains/wasanthaproducts.com/public_html/inventory/vendor/laravel/framework/src/Illuminate/Foundation/helpers.php(1028): trans()
#7 /home/u454421092/domains/wasanthaproducts.com/public_html/inventory/public/C:\\Users\\Dell\\Desktop\\Snack-MMS\\backend\\storage\\framework\\views/9683a9544c45d41f5b8cd1c2c101c1f4.php(1): __()
#8 /home/u454421092/domains/wasanthaproducts.com/public_html/inventory/vendor/laravel/framework/src/Illuminate/Filesystem/Filesystem.php(123): require('/home/u45442109...')
#9 /home/u454421092/domains/wasanthaproducts.com/public_html/inventory/vendor/laravel/framework/src/Illuminate/Filesystem/Filesystem.php(124): Illuminate\\Filesystem\\Filesystem::Illuminate\\Filesystem\\{closure}()
#10 /home/u454421092/domains/wasanthaproducts.com/public_html/inventory/vendor/laravel/framework/src/Illuminate/View/Engines/PhpEngine.php(57): Illuminate\\Filesystem\\Filesystem->getRequire()
#11 /home/u454421092/domains/wasanthaproducts.com/public_html/inventory/vendor/laravel/framework/src/Illuminate/View/Engines/CompilerEngine.php(76): Illuminate\\View\\Engines\\PhpEngine->evaluatePath()
#12 /home/u454421092/domains/wasanthaproducts.com/public_html/inventory/vendor/laravel/framework/src/Illuminate/View/View.php(208): Illuminate\\View\\Engines\\CompilerEngine->get()
#13 /home/u454421092/domains/wasanthaproducts.com/public_html/inventory/vendor/laravel/framework/src/Illuminate/View/View.php(191): Illuminate\\View\\View->getContents()
#14 /home/u454421092/domains/wasanthaproducts.com/public_html/inventory/vendor/laravel/framework/src/Illuminate/View/View.php(160): Illuminate\\View\\View->renderContents()
#15 /home/u454421092/domains/wasanthaproducts.com/public_html/inventory/vendor/laravel/framework/src/Illuminate/Http/Response.php(78): Illuminate\\View\\View->render()
#16 /home/u454421092/domains/wasanthaproducts.com/public_html/inventory/vendor/laravel/framework/src/Illuminate/Http/Response.php(34): Illuminate\\Http\\Response->setContent()
#17 /home/u454421092/domains/wasanthaproducts.com/public_html/inventory/vendor/laravel/framework/src/Illuminate/Routing/ResponseFactory.php(61): Illuminate\\Http\\Response->__construct()
#18 /home/u454421092/domains/wasanthaproducts.com/public_html/inventory/vendor/laravel/framework/src/Illuminate/Routing/ResponseFactory.php(91): Illuminate\\Routing\\ResponseFactory->make()
#19 /home/u454421092/domains/wasanthaproducts.com/public_html/inventory/vendor/laravel/framework/src/Illuminate/Foundation/Exceptions/Handler.php(926): Illuminate\\Routing\\ResponseFactory->view()
#20 /home/u454421092/domains/wasanthaproducts.com/public_html/inventory/vendor/laravel/framework/src/Illuminate/Foundation/Exceptions/Handler.php(847): Illuminate\\Foundation\\Exceptions\\Handler->renderHttpException()
#21 /home/u454421092/domains/wasanthaproducts.com/public_html/inventory/vendor/laravel/framework/src/Illuminate/Foundation/Exceptions/Handler.php(738): Illuminate\\Foundation\\Exceptions\\Handler->prepareResponse()
#22 /home/u454421092/domains/wasanthaproducts.com/public_html/inventory/vendor/laravel/framework/src/Illuminate/Foundation/Exceptions/Handler.php(626): Illuminate\\Foundation\\Exceptions\\Handler->renderExceptionResponse()
#23 /home/u454421092/domains/wasanthaproducts.com/public_html/inventory/vendor/laravel/framework/src/Illuminate/Foundation/Http/Kernel.php(574): Illuminate\\Foundation\\Exceptions\\Handler->render()
#24 /home/u454421092/domains/wasanthaproducts.com/public_html/inventory/vendor/laravel/framework/src/Illuminate/Foundation/Http/Kernel.php(148): Illuminate\\Foundation\\Http\\Kernel->renderException()
#25 /home/u454421092/domains/wasanthaproducts.com/public_html/inventory/vendor/laravel/framework/src/Illuminate/Foundation/Application.php(1220): Illuminate\\Foundation\\Http\\Kernel->handle()
#26 /home/u454421092/domains/wasanthaproducts.com/public_html/inventory/public/index.php(20): Illuminate\\Foundation\\Application->handleRequest()
#27 {main}

[previous exception] [object] (ReflectionException(code: -1): Class \"translator\" does not exist at /home/u454421092/domains/wasanthaproducts.com/public_html/inventory/vendor/laravel/framework/src/Illuminate/Container/Container.php:1122)
[stacktrace]
#0 /home/u454421092/domains/wasanthaproducts.com/public_html/inventory/vendor/laravel/framework/src/Illuminate/Container/Container.php(1122): ReflectionClass->__construct()
#1 /home/u454421092/domains/wasanthaproducts.com/public_html/inventory/vendor/laravel/framework/src/Illuminate/Container/Container.php(933): Illuminate\\Container\\Container->build()
#2 /home/u454421092/domains/wasanthaproducts.com/public_html/inventory/vendor/laravel/framework/src/Illuminate/Foundation/Application.php(1078): Illuminate\\Container\\Container->resolve()
#3 /home/u454421092/domains/wasanthaproducts.com/public_html/inventory/vendor/laravel/framework/src/Illuminate/Container/Container.php(864): Illuminate\\Foundation\\Application->resolve()
#4 /home/u454421092/domains/wasanthaproducts.com/public_html/inventory/vendor/laravel/framework/src/Illuminate/Foundation/Application.php(1058): Illuminate\\Container\\Container->make()
#5 /home/u454421092/domains/wasanthaproducts.com/public_html/inventory/vendor/laravel/framework/src/Illuminate/Foundation/helpers.php(138): Illuminate\\Foundation\\Application->make()
#6 /home/u454421092/domains/wasanthaproducts.com/public_html/inventory/vendor/laravel/framework/src/Illuminate/Foundation/helpers.php(996): app()
#7 /home/u454421092/domains/wasanthaproducts.com/public_html/inventory/vendor/laravel/framework/src/Illuminate/Foundation/helpers.php(1028): trans()
#8 /home/u454421092/domains/wasanthaproducts.com/public_html/inventory/public/C:\\Users\\Dell\\Desktop\\Snack-MMS\\backend\\storage\\framework\\views/9683a9544c45d41f5b8cd1c2c101c1f4.php(1): __()
#9 /home/u454421092/domains/wasanthaproducts.com/public_html/inventory/vendor/laravel/framework/src/Illuminate/Filesystem/Filesystem.php(123): require('/home/u45442109...')
#10 /home/u454421092/domains/wasanthaproducts.com/public_html/inventory/vendor/laravel/framework/src/Illuminate/Filesystem/Filesystem.php(124): Illuminate\\Filesystem\\Filesystem::Illuminate\\Filesystem\\{closure}()
#11 /home/u454421092/domains/wasanthaproducts.com/public_html/inventory/vendor/laravel/framework/src/Illuminate/View/Engines/PhpEngine.php(57): Illuminate\\Filesystem\\Filesystem->getRequire()
#12 /home/u454421092/domains/wasanthaproducts.com/public_html/inventory/vendor/laravel/framework/src/Illuminate/View/Engines/CompilerEngine.php(76): Illuminate\\View\\Engines\\PhpEngine->evaluatePath()
#13 /home/u454421092/domains/wasanthaproducts.com/public_html/inventory/vendor/laravel/framework/src/Illuminate/View/View.php(208): Illuminate\\View\\Engines\\CompilerEngine->get()
#14 /home/u454421092/domains/wasanthaproducts.com/public_html/inventory/vendor/laravel/framework/src/Illuminate/View/View.php(191): Illuminate\\View\\View->getContents()
#15 /home/u454421092/domains/wasanthaproducts.com/public_html/inventory/vendor/laravel/framework/src/Illuminate/View/View.php(160): Illuminate\\View\\View->renderContents()
#16 /home/u454421092/domains/wasanthaproducts.com/public_html/inventory/vendor/laravel/framework/src/Illuminate/Http/Response.php(78): Illuminate\\View\\View->render()
#17 /home/u454421092/domains/wasanthaproducts.com/public_html/inventory/vendor/laravel/framework/src/Illuminate/Http/Response.php(34): Illuminate\\Http\\Response->setContent()
#18 /home/u454421092/domains/wasanthaproducts.com/public_html/inventory/vendor/laravel/framework/src/Illuminate/Routing/ResponseFactory.php(61): Illuminate\\Http\\Response->__construct()
#19 /home/u454421092/domains/wasanthaproducts.com/public_html/inventory/vendor/laravel/framework/src/Illuminate/Routing/ResponseFactory.php(91): Illuminate\\Routing\\ResponseFactory->make()
#20 /home/u454421092/domains/wasanthaproducts.com/public_html/inventory/vendor/laravel/framework/src/Illuminate/Foundation/Exceptions/Handler.php(926): Illuminate\\Routing\\ResponseFactory->view()
#21 /home/u454421092/domains/wasanthaproducts.com/public_html/inventory/vendor/laravel/framework/src/Illuminate/Foundation/Exceptions/Handler.php(847): Illuminate\\Foundation\\Exceptions\\Handler->renderHttpException()
#22 /home/u454421092/domains/wasanthaproducts.com/public_html/inventory/vendor/laravel/framework/src/Illuminate/Foundation/Exceptions/Handler.php(738): Illuminate\\Foundation\\Exceptions\\Handler->prepareResponse()
#23 /home/u454421092/domains/wasanthaproducts.com/public_html/inventory/vendor/laravel/framework/src/Illuminate/Foundation/Exceptions/Handler.php(626): Illuminate\\Foundation\\Exceptions\\Handler->renderExceptionResponse()
#24 /home/u454421092/domains/wasanthaproducts.com/public_html/inventory/vendor/laravel/framework/src/Illuminate/Foundation/Http/Kernel.php(574): Illuminate\\Foundation\\Exceptions\\Handler->render()
#25 /home/u454421092/domains/wasanthaproducts.com/public_html/inventory/vendor/laravel/framework/src/Illuminate/Foundation/Http/Kernel.php(148): Illuminate\\Foundation\\Http\\Kernel->renderException()
#26 /home/u454421092/domains/wasanthaproducts.com/public_html/inventory/vendor/laravel/framework/src/Illuminate/Foundation/Application.php(1220): Illuminate\\Foundation\\Http\\Kernel->handle()
#27 /home/u454421092/domains/wasanthaproducts.com/public_html/inventory/public/index.php(20): Illuminate\\Foundation\\Application->handleRequest()
#28 {main}
"} 
[2026-06-27 08:16:15] production.ERROR: Target class [translator] does not exist. (View: /home/u454421092/domains/wasanthaproducts.com/public_html/inventory/vendor/laravel/framework/src/Illuminate/Foundation/Exceptions/views/500.blade.php) {"exception":"[object] (Illuminate\\View\\ViewException(code: 0): Target class [translator] does not exist. (View: /home/u454421092/domains/wasanthaproducts.com/public_html/inventory/vendor/laravel/framework/src/Illuminate/Foundation/Exceptions/views/500.blade.php) at /home/u454421092/domains/wasanthaproducts.com/public_html/inventory/vendor/laravel/framework/src/Illuminate/Container/Container.php:1124)
[stacktrace]
#0 /home/u454421092/domains/wasanthaproducts.com/public_html/inventory/vendor/laravel/framework/src/Illuminate/View/Engines/PhpEngine.php(59): Illuminate\\View\\Engines\\CompilerEngine->handleViewException()
#1 /home/u454421092/domains/wasanthaproducts.com/public_html/inventory/vendor/laravel/framework/src/Illuminate/View/Engines/CompilerEngine.php(76): Illuminate\\View\\Engines\\PhpEngine->evaluatePath()
#2 /home/u454421092/domains/wasanthaproducts.com/public_html/inventory/vendor/laravel/framework/src/Illuminate/View/View.php(208): Illuminate\\View\\Engines\\CompilerEngine->get()
#3 /home/u454421092/domains/wasanthaproducts.com/public_html/inventory/vendor/laravel/framework/src/Illuminate/View/View.php(191): Illuminate\\View\\View->getContents()
#4 /home/u454421092/domains/wasanthaproducts.com/public_html/inventory/vendor/laravel/framework/src/Illuminate/View/View.php(160): Illuminate\\View\\View->renderContents()
#5 /home/u454421092/domains/wasanthaproducts.com/public_html/inventory/vendor/laravel/framework/src/Illuminate/Http/Response.php(78): Illuminate\\View\\View->render()
#6 /home/u454421092/domains/wasanthaproducts.com/public_html/inventory/vendor/laravel/framework/src/Illuminate/Http/Response.php(34): Illuminate\\Http\\Response->setContent()
#7 /home/u454421092/domains/wasanthaproducts.com/public_html/inventory/vendor/laravel/framework/src/Illuminate/Routing/ResponseFactory.php(61): Illuminate\\Http\\Response->__construct()
#8 /home/u454421092/domains/wasanthaproducts.com/public_html/inventory/vendor/laravel/framework/src/Illuminate/Routing/ResponseFactory.php(91): Illuminate\\Routing\\ResponseFactory->make()
#9 /home/u454421092/domains/wasanthaproducts.com/public_html/inventory/vendor/laravel/framework/src/Illuminate/Foundation/Exceptions/Handler.php(926): Illuminate\\Routing\\ResponseFactory->view()
#10 /home/u454421092/domains/wasanthaproducts.com/public_html/inventory/vendor/laravel/framework/src/Illuminate/Foundation/Exceptions/Handler.php(847): Illuminate\\Foundation\\Exceptions\\Handler->renderHttpException()
#11 /home/u454421092/domains/wasanthaproducts.com/public_html/inventory/vendor/laravel/framework/src/Illuminate/Foundation/Exceptions/Handler.php(738): Illuminate\\Foundation\\Exceptions\\Handler->prepareResponse()
#12 /home/u454421092/domains/wasanthaproducts.com/public_html/inventory/vendor/laravel/framework/src/Illuminate/Foundation/Exceptions/Handler.php(626): Illuminate\\Foundation\\Exceptions\\Handler->renderExceptionResponse()
#13 /home/u454421092/domains/wasanthaproducts.com/public_html/inventory/vendor/laravel/framework/src/Illuminate/Foundation/Http/Kernel.php(574): Illuminate\\Foundation\\Exceptions\\Handler->render()
#14 /home/u454421092/domains/wasanthaproducts.com/public_html/inventory/vendor/laravel/framework/src/Illuminate/Foundation/Http/Kernel.php(148): Illuminate\\Foundation\\Http\\Kernel->renderException()
#15 /home/u454421092/domains/wasanthaproducts.com/public_html/inventory/vendor/laravel/framework/src/Illuminate/Foundation/Application.php(1220): Illuminate\\Foundation\\Http\\Kernel->handle()
#16 /home/u454421092/domains/wasanthaproducts.com/public_html/inventory/public/index.php(20): Illuminate\\Foundation\\Application->handleRequest()
#17 {main}

[previous exception] [object] (Illuminate\\Contracts\\Container\\BindingResolutionException(code: 0): Target class [translator] does not exist. at /home/u454421092/domains/wasanthaproducts.com/public_html/inventory/vendor/laravel/framework/src/Illuminate/Container/Container.php:1124)
[stacktrace]
#0 /home/u454421092/domains/wasanthaproducts.com/public_html/inventory/vendor/laravel/framework/src/Illuminate/Container/Container.php(933): Illuminate\\Container\\Container->build()
#1 /home/u454421092/domains/wasanthaproducts.com/public_html/inventory/vendor/laravel/framework/src/Illuminate/Foundation/Application.php(1078): Illuminate\\Container\\Container->resolve()
#2 /home/u454421092/domains/wasanthaproducts.com/public_html/inventory/vendor/laravel/framework/src/Illuminate/Container/Container.php(864): Illuminate\\Foundation\\Application->resolve()
#3 /home/u454421092/domains/wasanthaproducts.com/public_html/inventory/vendor/laravel/framework/src/Illuminate/Foundation/Application.php(1058): Illuminate\\Container\\Container->make()
#4 /home/u454421092/domains/wasanthaproducts.com/public_html/inventory/vendor/laravel/framework/src/Illuminate/Foundation/helpers.php(138): Illuminate\\Foundation\\Application->make()
#5 /home/u454421092/domains/wasanthaproducts.com/public_html/inventory/vendor/laravel/framework/src/Illuminate/Foundation/helpers.php(996): app()
#6 /home/u454421092/domains/wasanthaproducts.com/public_html/inventory/vendor/laravel/framework/src/Illuminate/Foundation/helpers.php(1028): trans()
#7 /home/u454421092/domains/wasanthaproducts.com/public_html/inventory/public/C:\\Users\\Dell\\Desktop\\Snack-MMS\\backend\\storage\\framework\\views/9683a9544c45d41f5b8cd1c2c101c1f4.php(1): __()
#8 /home/u454421092/domains/wasanthaproducts.com/public_html/inventory/vendor/laravel/framework/src/Illuminate/Filesystem/Filesystem.php(123): require('/home/u45442109...')
#9 /home/u454421092/domains/wasanthaproducts.com/public_html/inventory/vendor/laravel/framework/src/Illuminate/Filesystem/Filesystem.php(124): Illuminate\\Filesystem\\Filesystem::Illuminate\\Filesystem\\{closure}()
#10 /home/u454421092/domains/wasanthaproducts.com/public_html/inventory/vendor/laravel/framework/src/Illuminate/View/Engines/PhpEngine.php(57): Illuminate\\Filesystem\\Filesystem->getRequire()
#11 /home/u454421092/domains/wasanthaproducts.com/public_html/inventory/vendor/laravel/framework/src/Illuminate/View/Engines/CompilerEngine.php(76): Illuminate\\View\\Engines\\PhpEngine->evaluatePath()
#12 /home/u454421092/domains/wasanthaproducts.com/public_html/inventory/vendor/laravel/framework/src/Illuminate/View/View.php(208): Illuminate\\View\\Engines\\CompilerEngine->get()
#13 /home/u454421092/domains/wasanthaproducts.com/public_html/inventory/vendor/laravel/framework/src/Illuminate/View/View.php(191): Illuminate\\View\\View->getContents()
#14 /home/u454421092/domains/wasanthaproducts.com/public_html/inventory/vendor/laravel/framework/src/Illuminate/View/View.php(160): Illuminate\\View\\View->renderContents()
#15 /home/u454421092/domains/wasanthaproducts.com/public_html/inventory/vendor/laravel/framework/src/Illuminate/Http/Response.php(78): Illuminate\\View\\View->render()
#16 /home/u454421092/domains/wasanthaproducts.com/public_html/inventory/vendor/laravel/framework/src/Illuminate/Http/Response.php(34): Illuminate\\Http\\Response->setContent()
#17 /home/u454421092/domains/wasanthaproducts.com/public_html/inventory/vendor/laravel/framework/src/Illuminate/Routing/ResponseFactory.php(61): Illuminate\\Http\\Response->__construct()
#18 /home/u454421092/domains/wasanthaproducts.com/public_html/inventory/vendor/laravel/framework/src/Illuminate/Routing/ResponseFactory.php(91): Illuminate\\Routing\\ResponseFactory->make()
#19 /home/u454421092/domains/wasanthaproducts.com/public_html/inventory/vendor/laravel/framework/src/Illuminate/Foundation/Exceptions/Handler.php(926): Illuminate\\Routing\\ResponseFactory->view()
#20 /home/u454421092/domains/wasanthaproducts.com/public_html/inventory/vendor/laravel/framework/src/Illuminate/Foundation/Exceptions/Handler.php(847): Illuminate\\Foundation\\Exceptions\\Handler->renderHttpException()
#21 /home/u454421092/domains/wasanthaproducts.com/public_html/inventory/vendor/laravel/framework/src/Illuminate/Foundation/Exceptions/Handler.php(738): Illuminate\\Foundation\\Exceptions\\Handler->prepareResponse()
#22 /home/u454421092/domains/wasanthaproducts.com/public_html/inventory/vendor/laravel/framework/src/Illuminate/Foundation/Exceptions/Handler.php(626): Illuminate\\Foundation\\Exceptions\\Handler->renderExceptionResponse()
#23 /home/u454421092/domains/wasanthaproducts.com/public_html/inventory/vendor/laravel/framework/src/Illuminate/Foundation/Http/Kernel.php(574): Illuminate\\Foundation\\Exceptions\\Handler->render()
#24 /home/u454421092/domains/wasanthaproducts.com/public_html/inventory/vendor/laravel/framework/src/Illuminate/Foundation/Http/Kernel.php(148): Illuminate\\Foundation\\Http\\Kernel->renderException()
#25 /home/u454421092/domains/wasanthaproducts.com/public_html/inventory/vendor/laravel/framework/src/Illuminate/Foundation/Application.php(1220): Illuminate\\Foundation\\Http\\Kernel->handle()
#26 /home/u454421092/domains/wasanthaproducts.com/public_html/inventory/public/index.php(20): Illuminate\\Foundation\\Application->handleRequest()
#27 {main}

[previous exception] [object] (ReflectionException(code: -1): Class \"translator\" does not exist at /home/u454421092/domains/wasanthaproducts.com/public_html/inventory/vendor/laravel/framework/src/Illuminate/Container/Container.php:1122)
[stacktrace]
#0 /home/u454421092/domains/wasanthaproducts.com/public_html/inventory/vendor/laravel/framework/src/Illuminate/Container/Container.php(1122): ReflectionClass->__construct()
#1 /home/u454421092/domains/wasanthaproducts.com/public_html/inventory/vendor/laravel/framework/src/Illuminate/Container/Container.php(933): Illuminate\\Container\\Container->build()
#2 /home/u454421092/domains/wasanthaproducts.com/public_html/inventory/vendor/laravel/framework/src/Illuminate/Foundation/Application.php(1078): Illuminate\\Container\\Container->resolve()
#3 /home/u454421092/domains/wasanthaproducts.com/public_html/inventory/vendor/laravel/framework/src/Illuminate/Container/Container.php(864): Illuminate\\Foundation\\Application->resolve()
#4 /home/u454421092/domains/wasanthaproducts.com/public_html/inventory/vendor/laravel/framework/src/Illuminate/Foundation/Application.php(1058): Illuminate\\Container\\Container->make()
#5 /home/u454421092/domains/wasanthaproducts.com/public_html/inventory/vendor/laravel/framework/src/Illuminate/Foundation/helpers.php(138): Illuminate\\Foundation\\Application->make()
#6 /home/u454421092/domains/wasanthaproducts.com/public_html/inventory/vendor/laravel/framework/src/Illuminate/Foundation/helpers.php(996): app()
#7 /home/u454421092/domains/wasanthaproducts.com/public_html/inventory/vendor/laravel/framework/src/Illuminate/Foundation/helpers.php(1028): trans()
#8 /home/u454421092/domains/wasanthaproducts.com/public_html/inventory/public/C:\\Users\\Dell\\Desktop\\Snack-MMS\\backend\\storage\\framework\\views/9683a9544c45d41f5b8cd1c2c101c1f4.php(1): __()
#9 /home/u454421092/domains/wasanthaproducts.com/public_html/inventory/vendor/laravel/framework/src/Illuminate/Filesystem/Filesystem.php(123): require('/home/u45442109...')
#10 /home/u454421092/domains/wasanthaproducts.com/public_html/inventory/vendor/laravel/framework/src/Illuminate/Filesystem/Filesystem.php(124): Illuminate\\Filesystem\\Filesystem::Illuminate\\Filesystem\\{closure}()
#11 /home/u454421092/domains/wasanthaproducts.com/public_html/inventory/vendor/laravel/framework/src/Illuminate/View/Engines/PhpEngine.php(57): Illuminate\\Filesystem\\Filesystem->getRequire()
#12 /home/u454421092/domains/wasanthaproducts.com/public_html/inventory/vendor/laravel/framework/src/Illuminate/View/Engines/CompilerEngine.php(76): Illuminate\\View\\Engines\\PhpEngine->evaluatePath()
#13 /home/u454421092/domains/wasanthaproducts.com/public_html/inventory/vendor/laravel/framework/src/Illuminate/View/View.php(208): Illuminate\\View\\Engines\\CompilerEngine->get()
#14 /home/u454421092/domains/wasanthaproducts.com/public_html/inventory/vendor/laravel/framework/src/Illuminate/View/View.php(191): Illuminate\\View\\View->getContents()
#15 /home/u454421092/domains/wasanthaproducts.com/public_html/inventory/vendor/laravel/framework/src/Illuminate/View/View.php(160): Illuminate\\View\\View->renderContents()
#16 /home/u454421092/domains/wasanthaproducts.com/public_html/inventory/vendor/laravel/framework/src/Illuminate/Http/Response.php(78): Illuminate\\View\\View->render()
#17 /home/u454421092/domains/wasanthaproducts.com/public_html/inventory/vendor/laravel/framework/src/Illuminate/Http/Response.php(34): Illuminate\\Http\\Response->setContent()
#18 /home/u454421092/domains/wasanthaproducts.com/public_html/inventory/vendor/laravel/framework/src/Illuminate/Routing/ResponseFactory.php(61): Illuminate\\Http\\Response->__construct()
#19 /home/u454421092/domains/wasanthaproducts.com/public_html/inventory/vendor/laravel/framework/src/Illuminate/Routing/ResponseFactory.php(91): Illuminate\\Routing\\ResponseFactory->make()
#20 /home/u454421092/domains/wasanthaproducts.com/public_html/inventory/vendor/laravel/framework/src/Illuminate/Foundation/Exceptions/Handler.php(926): Illuminate\\Routing\\ResponseFactory->view()
#21 /home/u454421092/domains/wasanthaproducts.com/public_html/inventory/vendor/laravel/framework/src/Illuminate/Foundation/Exceptions/Handler.php(847): Illuminate\\Foundation\\Exceptions\\Handler->renderHttpException()
#22 /home/u454421092/domains/wasanthaproducts.com/public_html/inventory/vendor/laravel/framework/src/Illuminate/Foundation/Exceptions/Handler.php(738): Illuminate\\Foundation\\Exceptions\\Handler->prepareResponse()
#23 /home/u454421092/domains/wasanthaproducts.com/public_html/inventory/vendor/laravel/framework/src/Illuminate/Foundation/Exceptions/Handler.php(626): Illuminate\\Foundation\\Exceptions\\Handler->renderExceptionResponse()
#24 /home/u454421092/domains/wasanthaproducts.com/public_html/inventory/vendor/laravel/framework/src/Illuminate/Foundation/Http/Kernel.php(574): Illuminate\\Foundation\\Exceptions\\Handler->render()
#25 /home/u454421092/domains/wasanthaproducts.com/public_html/inventory/vendor/laravel/framework/src/Illuminate/Foundation/Http/Kernel.php(148): Illuminate\\Foundation\\Http\\Kernel->renderException()
#26 /home/u454421092/domains/wasanthaproducts.com/public_html/inventory/vendor/laravel/framework/src/Illuminate/Foundation/Application.php(1220): Illuminate\\Foundation\\Http\\Kernel->handle()
#27 /home/u454421092/domains/wasanthaproducts.com/public_html/inventory/public/index.php(20): Illuminate\\Foundation\\Application->handleRequest()
#28 {main}
"} 
[2026-06-27 08:19:22] production.ERROR: Class "Barryvdh\DomPDF\ServiceProvider" not found {"exception":"[object] (Error(code: 0): Class \"Barryvdh\\DomPDF\\ServiceProvider\" not found at /home/u454421092/domains/wasanthaproducts.com/public_html/inventory/vendor/laravel/framework/src/Illuminate/Foundation/Application.php:961)
[stacktrace]
#0 /home/u454421092/domains/wasanthaproducts.com/public_html/inventory/vendor/laravel/framework/src/Illuminate/Foundation/Application.php(893): Illuminate\\Foundation\\Application->resolveProvider()
#1 /home/u454421092/domains/wasanthaproducts.com/public_html/inventory/vendor/laravel/framework/src/Illuminate/Foundation/ProviderRepository.php(74): Illuminate\\Foundation\\Application->register()
#2 /home/u454421092/domains/wasanthaproducts.com/public_html/inventory/vendor/laravel/framework/src/Illuminate/Foundation/Application.php(871): Illuminate\\Foundation\\ProviderRepository->load()
#3 /home/u454421092/domains/wasanthaproducts.com/public_html/inventory/vendor/laravel/framework/src/Illuminate/Foundation/Bootstrap/RegisterProviders.php(37): Illuminate\\Foundation\\Application->registerConfiguredProviders()
#4 /home/u454421092/domains/wasanthaproducts.com/public_html/inventory/vendor/laravel/framework/src/Illuminate/Foundation/Application.php(342): Illuminate\\Foundation\\Bootstrap\\RegisterProviders->bootstrap()
#5 /home/u454421092/domains/wasanthaproducts.com/public_html/inventory/vendor/laravel/framework/src/Illuminate/Foundation/Http/Kernel.php(186): Illuminate\\Foundation\\Application->bootstrapWith()
#6 /home/u454421092/domains/wasanthaproducts.com/public_html/inventory/vendor/laravel/framework/src/Illuminate/Foundation/Http/Kernel.php(170): Illuminate\\Foundation\\Http\\Kernel->bootstrap()
#7 /home/u454421092/domains/wasanthaproducts.com/public_html/inventory/vendor/laravel/framework/src/Illuminate/Foundation/Http/Kernel.php(144): Illuminate\\Foundation\\Http\\Kernel->sendRequestThroughRouter()
#8 /home/u454421092/domains/wasanthaproducts.com/public_html/inventory/vendor/laravel/framework/src/Illuminate/Foundation/Application.php(1220): Illuminate\\Foundation\\Http\\Kernel->handle()
#9 /home/u454421092/domains/wasanthaproducts.com/public_html/inventory/public/index.php(20): Illuminate\\Foundation\\Application->handleRequest()
#10 {main}
"} 
[2026-06-27 08:19:22] production.ERROR: Target class [translator] does not exist. (View: /home/u454421092/domains/wasanthaproducts.com/public_html/inventory/vendor/laravel/framework/src/Illuminate/Foundation/Exceptions/views/500.blade.php) {"exception":"[object] (Illuminate\\View\\ViewException(code: 0): Target class [translator] does not exist. (View: /home/u454421092/domains/wasanthaproducts.com/public_html/inventory/vendor/laravel/framework/src/Illuminate/Foundation/Exceptions/views/500.blade.php) at /home/u454421092/domains/wasanthaproducts.com/public_html/inventory/vendor/laravel/framework/src/Illuminate/Container/Container.php:1124)
[stacktrace]
#0 /home/u454421092/domains/wasanthaproducts.com/public_html/inventory/vendor/laravel/framework/src/Illuminate/View/Engines/PhpEngine.php(59): Illuminate\\View\\Engines\\CompilerEngine->handleViewException()
#1 /home/u454421092/domains/wasanthaproducts.com/public_html/inventory/vendor/laravel/framework/src/Illuminate/View/Engines/CompilerEngine.php(76): Illuminate\\View\\Engines\\PhpEngine->evaluatePath()
#2 /home/u454421092/domains/wasanthaproducts.com/public_html/inventory/vendor/laravel/framework/src/Illuminate/View/View.php(208): Illuminate\\View\\Engines\\CompilerEngine->get()
#3 /home/u454421092/domains/wasanthaproducts.com/public_html/inventory/vendor/laravel/framework/src/Illuminate/View/View.php(191): Illuminate\\View\\View->getContents()
#4 /home/u454421092/domains/wasanthaproducts.com/public_html/inventory/vendor/laravel/framework/src/Illuminate/View/View.php(160): Illuminate\\View\\View->renderContents()
#5 /home/u454421092/domains/wasanthaproducts.com/public_html/inventory/vendor/laravel/framework/src/Illuminate/Http/Response.php(78): Illuminate\\View\\View->render()
#6 /home/u454421092/domains/wasanthaproducts.com/public_html/inventory/vendor/laravel/framework/src/Illuminate/Http/Response.php(34): Illuminate\\Http\\Response->setContent()
#7 /home/u454421092/domains/wasanthaproducts.com/public_html/inventory/vendor/laravel/framework/src/Illuminate/Routing/ResponseFactory.php(61): Illuminate\\Http\\Response->__construct()
#8 /home/u454421092/domains/wasanthaproducts.com/public_html/inventory/vendor/laravel/framework/src/Illuminate/Routing/ResponseFactory.php(91): Illuminate\\Routing\\ResponseFactory->make()
#9 /home/u454421092/domains/wasanthaproducts.com/public_html/inventory/vendor/laravel/framework/src/Illuminate/Foundation/Exceptions/Handler.php(926): Illuminate\\Routing\\ResponseFactory->view()
#10 /home/u454421092/domains/wasanthaproducts.com/public_html/inventory/vendor/laravel/framework/src/Illuminate/Foundation/Exceptions/Handler.php(847): Illuminate\\Foundation\\Exceptions\\Handler->renderHttpException()
#11 /home/u454421092/domains/wasanthaproducts.com/public_html/inventory/vendor/laravel/framework/src/Illuminate/Foundation/Exceptions/Handler.php(738): Illuminate\\Foundation\\Exceptions\\Handler->prepareResponse()
#12 /home/u454421092/domains/wasanthaproducts.com/public_html/inventory/vendor/laravel/framework/src/Illuminate/Foundation/Exceptions/Handler.php(626): Illuminate\\Foundation\\Exceptions\\Handler->renderExceptionResponse()
#13 /home/u454421092/domains/wasanthaproducts.com/public_html/inventory/vendor/laravel/framework/src/Illuminate/Foundation/Http/Kernel.php(574): Illuminate\\Foundation\\Exceptions\\Handler->render()
#14 /home/u454421092/domains/wasanthaproducts.com/public_html/inventory/vendor/laravel/framework/src/Illuminate/Foundation/Http/Kernel.php(148): Illuminate\\Foundation\\Http\\Kernel->renderException()
#15 /home/u454421092/domains/wasanthaproducts.com/public_html/inventory/vendor/laravel/framework/src/Illuminate/Foundation/Application.php(1220): Illuminate\\Foundation\\Http\\Kernel->handle()
#16 /home/u454421092/domains/wasanthaproducts.com/public_html/inventory/public/index.php(20): Illuminate\\Foundation\\Application->handleRequest()
#17 {main}

[previous exception] [object] (Illuminate\\Contracts\\Container\\BindingResolutionException(code: 0): Target class [translator] does not exist. at /home/u454421092/domains/wasanthaproducts.com/public_html/inventory/vendor/laravel/framework/src/Illuminate/Container/Container.php:1124)
[stacktrace]
#0 /home/u454421092/domains/wasanthaproducts.com/public_html/inventory/vendor/laravel/framework/src/Illuminate/Container/Container.php(933): Illuminate\\Container\\Container->build()
#1 /home/u454421092/domains/wasanthaproducts.com/public_html/inventory/vendor/laravel/framework/src/Illuminate/Foundation/Application.php(1078): Illuminate\\Container\\Container->resolve()
#2 /home/u454421092/domains/wasanthaproducts.com/public_html/inventory/vendor/laravel/framework/src/Illuminate/Container/Container.php(864): Illuminate\\Foundation\\Application->resolve()
#3 /home/u454421092/domains/wasanthaproducts.com/public_html/inventory/vendor/laravel/framework/src/Illuminate/Foundation/Application.php(1058): Illuminate\\Container\\Container->make()
#4 /home/u454421092/domains/wasanthaproducts.com/public_html/inventory/vendor/laravel/framework/src/Illuminate/Foundation/helpers.php(138): Illuminate\\Foundation\\Application->make()
#5 /home/u454421092/domains/wasanthaproducts.com/public_html/inventory/vendor/laravel/framework/src/Illuminate/Foundation/helpers.php(996): app()
#6 /home/u454421092/domains/wasanthaproducts.com/public_html/inventory/vendor/laravel/framework/src/Illuminate/Foundation/helpers.php(1028): trans()
#7 /home/u454421092/domains/wasanthaproducts.com/public_html/inventory/public/C:\\Users\\Dell\\Desktop\\Snack-MMS\\backend\\storage\\framework\\views/9683a9544c45d41f5b8cd1c2c101c1f4.php(1): __()
#8 /home/u454421092/domains/wasanthaproducts.com/public_html/inventory/vendor/laravel/framework/src/Illuminate/Filesystem/Filesystem.php(123): require('/home/u45442109...')
#9 /home/u454421092/domains/wasanthaproducts.com/public_html/inventory/vendor/laravel/framework/src/Illuminate/Filesystem/Filesystem.php(124): Illuminate\\Filesystem\\Filesystem::Illuminate\\Filesystem\\{closure}()
#10 /home/u454421092/domains/wasanthaproducts.com/public_html/inventory/vendor/laravel/framework/src/Illuminate/View/Engines/PhpEngine.php(57): Illuminate\\Filesystem\\Filesystem->getRequire()
#11 /home/u454421092/domains/wasanthaproducts.com/public_html/inventory/vendor/laravel/framework/src/Illuminate/View/Engines/CompilerEngine.php(76): Illuminate\\View\\Engines\\PhpEngine->evaluatePath()
#12 /home/u454421092/domains/wasanthaproducts.com/public_html/inventory/vendor/laravel/framework/src/Illuminate/View/View.php(208): Illuminate\\View\\Engines\\CompilerEngine->get()
#13 /home/u454421092/domains/wasanthaproducts.com/public_html/inventory/vendor/laravel/framework/src/Illuminate/View/View.php(191): Illuminate\\View\\View->getContents()
#14 /home/u454421092/domains/wasanthaproducts.com/public_html/inventory/vendor/laravel/framework/src/Illuminate/View/View.php(160): Illuminate\\View\\View->renderContents()
#15 /home/u454421092/domains/wasanthaproducts.com/public_html/inventory/vendor/laravel/framework/src/Illuminate/Http/Response.php(78): Illuminate\\View\\View->render()
#16 /home/u454421092/domains/wasanthaproducts.com/public_html/inventory/vendor/laravel/framework/src/Illuminate/Http/Response.php(34): Illuminate\\Http\\Response->setContent()
#17 /home/u454421092/domains/wasanthaproducts.com/public_html/inventory/vendor/laravel/framework/src/Illuminate/Routing/ResponseFactory.php(61): Illuminate\\Http\\Response->__construct()
#18 /home/u454421092/domains/wasanthaproducts.com/public_html/inventory/vendor/laravel/framework/src/Illuminate/Routing/ResponseFactory.php(91): Illuminate\\Routing\\ResponseFactory->make()
#19 /home/u454421092/domains/wasanthaproducts.com/public_html/inventory/vendor/laravel/framework/src/Illuminate/Foundation/Exceptions/Handler.php(926): Illuminate\\Routing\\ResponseFactory->view()
#20 /home/u454421092/domains/wasanthaproducts.com/public_html/inventory/vendor/laravel/framework/src/Illuminate/Foundation/Exceptions/Handler.php(847): Illuminate\\Foundation\\Exceptions\\Handler->renderHttpException()
#21 /home/u454421092/domains/wasanthaproducts.com/public_html/inventory/vendor/laravel/framework/src/Illuminate/Foundation/Exceptions/Handler.php(738): Illuminate\\Foundation\\Exceptions\\Handler->prepareResponse()
#22 /home/u454421092/domains/wasanthaproducts.com/public_html/inventory/vendor/laravel/framework/src/Illuminate/Foundation/Exceptions/Handler.php(626): Illuminate\\Foundation\\Exceptions\\Handler->renderExceptionResponse()
#23 /home/u454421092/domains/wasanthaproducts.com/public_html/inventory/vendor/laravel/framework/src/Illuminate/Foundation/Http/Kernel.php(574): Illuminate\\Foundation\\Exceptions\\Handler->render()
#24 /home/u454421092/domains/wasanthaproducts.com/public_html/inventory/vendor/laravel/framework/src/Illuminate/Foundation/Http/Kernel.php(148): Illuminate\\Foundation\\Http\\Kernel->renderException()
#25 /home/u454421092/domains/wasanthaproducts.com/public_html/inventory/vendor/laravel/framework/src/Illuminate/Foundation/Application.php(1220): Illuminate\\Foundation\\Http\\Kernel->handle()
#26 /home/u454421092/domains/wasanthaproducts.com/public_html/inventory/public/index.php(20): Illuminate\\Foundation\\Application->handleRequest()
#27 {main}

[previous exception] [object] (ReflectionException(code: -1): Class \"translator\" does not exist at /home/u454421092/domains/wasanthaproducts.com/public_html/inventory/vendor/laravel/framework/src/Illuminate/Container/Container.php:1122)
[stacktrace]
#0 /home/u454421092/domains/wasanthaproducts.com/public_html/inventory/vendor/laravel/framework/src/Illuminate/Container/Container.php(1122): ReflectionClass->__construct()
#1 /home/u454421092/domains/wasanthaproducts.com/public_html/inventory/vendor/laravel/framework/src/Illuminate/Container/Container.php(933): Illuminate\\Container\\Container->build()
#2 /home/u454421092/domains/wasanthaproducts.com/public_html/inventory/vendor/laravel/framework/src/Illuminate/Foundation/Application.php(1078): Illuminate\\Container\\Container->resolve()
#3 /home/u454421092/domains/wasanthaproducts.com/public_html/inventory/vendor/laravel/framework/src/Illuminate/Container/Container.php(864): Illuminate\\Foundation\\Application->resolve()
#4 /home/u454421092/domains/wasanthaproducts.com/public_html/inventory/vendor/laravel/framework/src/Illuminate/Foundation/Application.php(1058): Illuminate\\Container\\Container->make()
#5 /home/u454421092/domains/wasanthaproducts.com/public_html/inventory/vendor/laravel/framework/src/Illuminate/Foundation/helpers.php(138): Illuminate\\Foundation\\Application->make()
#6 /home/u454421092/domains/wasanthaproducts.com/public_html/inventory/vendor/laravel/framework/src/Illuminate/Foundation/helpers.php(996): app()
#7 /home/u454421092/domains/wasanthaproducts.com/public_html/inventory/vendor/laravel/framework/src/Illuminate/Foundation/helpers.php(1028): trans()
#8 /home/u454421092/domains/wasanthaproducts.com/public_html/inventory/public/C:\\Users\\Dell\\Desktop\\Snack-MMS\\backend\\storage\\framework\\views/9683a9544c45d41f5b8cd1c2c101c1f4.php(1): __()
#9 /home/u454421092/domains/wasanthaproducts.com/public_html/inventory/vendor/laravel/framework/src/Illuminate/Filesystem/Filesystem.php(123): require('/home/u45442109...')
#10 /home/u454421092/domains/wasanthaproducts.com/public_html/inventory/vendor/laravel/framework/src/Illuminate/Filesystem/Filesystem.php(124): Illuminate\\Filesystem\\Filesystem::Illuminate\\Filesystem\\{closure}()
#11 /home/u454421092/domains/wasanthaproducts.com/public_html/inventory/vendor/laravel/framework/src/Illuminate/View/Engines/PhpEngine.php(57): Illuminate\\Filesystem\\Filesystem->getRequire()
#12 /home/u454421092/domains/wasanthaproducts.com/public_html/inventory/vendor/laravel/framework/src/Illuminate/View/Engines/CompilerEngine.php(76): Illuminate\\View\\Engines\\PhpEngine->evaluatePath()
#13 /home/u454421092/domains/wasanthaproducts.com/public_html/inventory/vendor/laravel/framework/src/Illuminate/View/View.php(208): Illuminate\\View\\Engines\\CompilerEngine->get()
#14 /home/u454421092/domains/wasanthaproducts.com/public_html/inventory/vendor/laravel/framework/src/Illuminate/View/View.php(191): Illuminate\\View\\View->getContents()
#15 /home/u454421092/domains/wasanthaproducts.com/public_html/inventory/vendor/laravel/framework/src/Illuminate/View/View.php(160): Illuminate\\View\\View->renderContents()
#16 /home/u454421092/domains/wasanthaproducts.com/public_html/inventory/vendor/laravel/framework/src/Illuminate/Http/Response.php(78): Illuminate\\View\\View->render()
#17 /home/u454421092/domains/wasanthaproducts.com/public_html/inventory/vendor/laravel/framework/src/Illuminate/Http/Response.php(34): Illuminate\\Http\\Response->setContent()
#18 /home/u454421092/domains/wasanthaproducts.com/public_html/inventory/vendor/laravel/framework/src/Illuminate/Routing/ResponseFactory.php(61): Illuminate\\Http\\Response->__construct()
#19 /home/u454421092/domains/wasanthaproducts.com/public_html/inventory/vendor/laravel/framework/src/Illuminate/Routing/ResponseFactory.php(91): Illuminate\\Routing\\ResponseFactory->make()
#20 /home/u454421092/domains/wasanthaproducts.com/public_html/inventory/vendor/laravel/framework/src/Illuminate/Foundation/Exceptions/Handler.php(926): Illuminate\\Routing\\ResponseFactory->view()
#21 /home/u454421092/domains/wasanthaproducts.com/public_html/inventory/vendor/laravel/framework/src/Illuminate/Foundation/Exceptions/Handler.php(847): Illuminate\\Foundation\\Exceptions\\Handler->renderHttpException()
#22 /home/u454421092/domains/wasanthaproducts.com/public_html/inventory/vendor/laravel/framework/src/Illuminate/Foundation/Exceptions/Handler.php(738): Illuminate\\Foundation\\Exceptions\\Handler->prepareResponse()
#23 /home/u454421092/domains/wasanthaproducts.com/public_html/inventory/vendor/laravel/framework/src/Illuminate/Foundation/Exceptions/Handler.php(626): Illuminate\\Foundation\\Exceptions\\Handler->renderExceptionResponse()
#24 /home/u454421092/domains/wasanthaproducts.com/public_html/inventory/vendor/laravel/framework/src/Illuminate/Foundation/Http/Kernel.php(574): Illuminate\\Foundation\\Exceptions\\Handler->render()
#25 /home/u454421092/domains/wasanthaproducts.com/public_html/inventory/vendor/laravel/framework/src/Illuminate/Foundation/Http/Kernel.php(148): Illuminate\\Foundation\\Http\\Kernel->renderException()
#26 /home/u454421092/domains/wasanthaproducts.com/public_html/inventory/vendor/laravel/framework/src/Illuminate/Foundation/Application.php(1220): Illuminate\\Foundation\\Http\\Kernel->handle()
#27 /home/u454421092/domains/wasanthaproducts.com/public_html/inventory/public/index.php(20): Illuminate\\Foundation\\Application->handleRequest()
#28 {main}
"} 
[2026-06-27 08:30:55] production.ERROR: Class "Barryvdh\DomPDF\ServiceProvider" not found {"exception":"[object] (Error(code: 0): Class \"Barryvdh\\DomPDF\\ServiceProvider\" not found at /home/u454421092/domains/wasanthaproducts.com/public_html/inventory/vendor/laravel/framework/src/Illuminate/Foundation/Application.php:961)
[stacktrace]
#0 /home/u454421092/domains/wasanthaproducts.com/public_html/inventory/vendor/laravel/framework/src/Illuminate/Foundation/Application.php(893): Illuminate\\Foundation\\Application->resolveProvider()
#1 /home/u454421092/domains/wasanthaproducts.com/public_html/inventory/vendor/laravel/framework/src/Illuminate/Foundation/ProviderRepository.php(74): Illuminate\\Foundation\\Application->register()
#2 /home/u454421092/domains/wasanthaproducts.com/public_html/inventory/vendor/laravel/framework/src/Illuminate/Foundation/Application.php(871): Illuminate\\Foundation\\ProviderRepository->load()
#3 /home/u454421092/domains/wasanthaproducts.com/public_html/inventory/vendor/laravel/framework/src/Illuminate/Foundation/Bootstrap/RegisterProviders.php(37): Illuminate\\Foundation\\Application->registerConfiguredProviders()
#4 /home/u454421092/domains/wasanthaproducts.com/public_html/inventory/vendor/laravel/framework/src/Illuminate/Foundation/Application.php(342): Illuminate\\Foundation\\Bootstrap\\RegisterProviders->bootstrap()
#5 /home/u454421092/domains/wasanthaproducts.com/public_html/inventory/vendor/laravel/framework/src/Illuminate/Foundation/Http/Kernel.php(186): Illuminate\\Foundation\\Application->bootstrapWith()
#6 /home/u454421092/domains/wasanthaproducts.com/public_html/inventory/vendor/laravel/framework/src/Illuminate/Foundation/Http/Kernel.php(170): Illuminate\\Foundation\\Http\\Kernel->bootstrap()
#7 /home/u454421092/domains/wasanthaproducts.com/public_html/inventory/vendor/laravel/framework/src/Illuminate/Foundation/Http/Kernel.php(144): Illuminate\\Foundation\\Http\\Kernel->sendRequestThroughRouter()
#8 /home/u454421092/domains/wasanthaproducts.com/public_html/inventory/vendor/laravel/framework/src/Illuminate/Foundation/Application.php(1220): Illuminate\\Foundation\\Http\\Kernel->handle()
#9 /home/u454421092/domains/wasanthaproducts.com/public_html/inventory/public/index.php(20): Illuminate\\Foundation\\Application->handleRequest()
#10 {main}
"} 
[2026-06-27 08:30:55] production.ERROR: Target class [translator] does not exist. (View: /home/u454421092/domains/wasanthaproducts.com/public_html/inventory/vendor/laravel/framework/src/Illuminate/Foundation/Exceptions/views/500.blade.php) {"exception":"[object] (Illuminate\\View\\ViewException(code: 0): Target class [translator] does not exist. (View: /home/u454421092/domains/wasanthaproducts.com/public_html/inventory/vendor/laravel/framework/src/Illuminate/Foundation/Exceptions/views/500.blade.php) at /home/u454421092/domains/wasanthaproducts.com/public_html/inventory/vendor/laravel/framework/src/Illuminate/Container/Container.php:1124)
[stacktrace]
#0 /home/u454421092/domains/wasanthaproducts.com/public_html/inventory/vendor/laravel/framework/src/Illuminate/View/Engines/PhpEngine.php(59): Illuminate\\View\\Engines\\CompilerEngine->handleViewException()
#1 /home/u454421092/domains/wasanthaproducts.com/public_html/inventory/vendor/laravel/framework/src/Illuminate/View/Engines/CompilerEngine.php(76): Illuminate\\View\\Engines\\PhpEngine->evaluatePath()
#2 /home/u454421092/domains/wasanthaproducts.com/public_html/inventory/vendor/laravel/framework/src/Illuminate/View/View.php(208): Illuminate\\View\\Engines\\CompilerEngine->get()
#3 /home/u454421092/domains/wasanthaproducts.com/public_html/inventory/vendor/laravel/framework/src/Illuminate/View/View.php(191): Illuminate\\View\\View->getContents()
#4 /home/u454421092/domains/wasanthaproducts.com/public_html/inventory/vendor/laravel/framework/src/Illuminate/View/View.php(160): Illuminate\\View\\View->renderContents()
#5 /home/u454421092/domains/wasanthaproducts.com/public_html/inventory/vendor/laravel/framework/src/Illuminate/Http/Response.php(78): Illuminate\\View\\View->render()
#6 /home/u454421092/domains/wasanthaproducts.com/public_html/inventory/vendor/laravel/framework/src/Illuminate/Http/Response.php(34): Illuminate\\Http\\Response->setContent()
#7 /home/u454421092/domains/wasanthaproducts.com/public_html/inventory/vendor/laravel/framework/src/Illuminate/Routing/ResponseFactory.php(61): Illuminate\\Http\\Response->__construct()
#8 /home/u454421092/domains/wasanthaproducts.com/public_html/inventory/vendor/laravel/framework/src/Illuminate/Routing/ResponseFactory.php(91): Illuminate\\Routing\\ResponseFactory->make()
#9 /home/u454421092/domains/wasanthaproducts.com/public_html/inventory/vendor/laravel/framework/src/Illuminate/Foundation/Exceptions/Handler.php(926): Illuminate\\Routing\\ResponseFactory->view()
#10 /home/u454421092/domains/wasanthaproducts.com/public_html/inventory/vendor/laravel/framework/src/Illuminate/Foundation/Exceptions/Handler.php(847): Illuminate\\Foundation\\Exceptions\\Handler->renderHttpException()
#11 /home/u454421092/domains/wasanthaproducts.com/public_html/inventory/vendor/laravel/framework/src/Illuminate/Foundation/Exceptions/Handler.php(738): Illuminate\\Foundation\\Exceptions\\Handler->prepareResponse()
#12 /home/u454421092/domains/wasanthaproducts.com/public_html/inventory/vendor/laravel/framework/src/Illuminate/Foundation/Exceptions/Handler.php(626): Illuminate\\Foundation\\Exceptions\\Handler->renderExceptionResponse()
#13 /home/u454421092/domains/wasanthaproducts.com/public_html/inventory/vendor/laravel/framework/src/Illuminate/Foundation/Http/Kernel.php(574): Illuminate\\Foundation\\Exceptions\\Handler->render()
#14 /home/u454421092/domains/wasanthaproducts.com/public_html/inventory/vendor/laravel/framework/src/Illuminate/Foundation/Http/Kernel.php(148): Illuminate\\Foundation\\Http\\Kernel->renderException()
#15 /home/u454421092/domains/wasanthaproducts.com/public_html/inventory/vendor/laravel/framework/src/Illuminate/Foundation/Application.php(1220): Illuminate\\Foundation\\Http\\Kernel->handle()
#16 /home/u454421092/domains/wasanthaproducts.com/public_html/inventory/public/index.php(20): Illuminate\\Foundation\\Application->handleRequest()
#17 {main}

[previous exception] [object] (Illuminate\\Contracts\\Container\\BindingResolutionException(code: 0): Target class [translator] does not exist. at /home/u454421092/domains/wasanthaproducts.com/public_html/inventory/vendor/laravel/framework/src/Illuminate/Container/Container.php:1124)
[stacktrace]
#0 /home/u454421092/domains/wasanthaproducts.com/public_html/inventory/vendor/laravel/framework/src/Illuminate/Container/Container.php(933): Illuminate\\Container\\Container->build()
#1 /home/u454421092/domains/wasanthaproducts.com/public_html/inventory/vendor/laravel/framework/src/Illuminate/Foundation/Application.php(1078): Illuminate\\Container\\Container->resolve()
#2 /home/u454421092/domains/wasanthaproducts.com/public_html/inventory/vendor/laravel/framework/src/Illuminate/Container/Container.php(864): Illuminate\\Foundation\\Application->resolve()
#3 /home/u454421092/domains/wasanthaproducts.com/public_html/inventory/vendor/laravel/framework/src/Illuminate/Foundation/Application.php(1058): Illuminate\\Container\\Container->make()
#4 /home/u454421092/domains/wasanthaproducts.com/public_html/inventory/vendor/laravel/framework/src/Illuminate/Foundation/helpers.php(138): Illuminate\\Foundation\\Application->make()
#5 /home/u454421092/domains/wasanthaproducts.com/public_html/inventory/vendor/laravel/framework/src/Illuminate/Foundation/helpers.php(996): app()
#6 /home/u454421092/domains/wasanthaproducts.com/public_html/inventory/vendor/laravel/framework/src/Illuminate/Foundation/helpers.php(1028): trans()
#7 /home/u454421092/domains/wasanthaproducts.com/public_html/inventory/public/C:\\Users\\Dell\\Desktop\\Snack-MMS\\backend\\storage\\framework\\views/9683a9544c45d41f5b8cd1c2c101c1f4.php(1): __()
#8 /home/u454421092/domains/wasanthaproducts.com/public_html/inventory/vendor/laravel/framework/src/Illuminate/Filesystem/Filesystem.php(123): require('/home/u45442109...')
#9 /home/u454421092/domains/wasanthaproducts.com/public_html/inventory/vendor/laravel/framework/src/Illuminate/Filesystem/Filesystem.php(124): Illuminate\\Filesystem\\Filesystem::Illuminate\\Filesystem\\{closure}()
#10 /home/u454421092/domains/wasanthaproducts.com/public_html/inventory/vendor/laravel/framework/src/Illuminate/View/Engines/PhpEngine.php(57): Illuminate\\Filesystem\\Filesystem->getRequire()
#11 /home/u454421092/domains/wasanthaproducts.com/public_html/inventory/vendor/laravel/framework/src/Illuminate/View/Engines/CompilerEngine.php(76): Illuminate\\View\\Engines\\PhpEngine->evaluatePath()
#12 /home/u454421092/domains/wasanthaproducts.com/public_html/inventory/vendor/laravel/framework/src/Illuminate/View/View.php(208): Illuminate\\View\\Engines\\CompilerEngine->get()
#13 /home/u454421092/domains/wasanthaproducts.com/public_html/inventory/vendor/laravel/framework/src/Illuminate/View/View.php(191): Illuminate\\View\\View->getContents()
#14 /home/u454421092/domains/wasanthaproducts.com/public_html/inventory/vendor/laravel/framework/src/Illuminate/View/View.php(160): Illuminate\\View\\View->renderContents()
#15 /home/u454421092/domains/wasanthaproducts.com/public_html/inventory/vendor/laravel/framework/src/Illuminate/Http/Response.php(78): Illuminate\\View\\View->render()
#16 /home/u454421092/domains/wasanthaproducts.com/public_html/inventory/vendor/laravel/framework/src/Illuminate/Http/Response.php(34): Illuminate\\Http\\Response->setContent()
#17 /home/u454421092/domains/wasanthaproducts.com/public_html/inventory/vendor/laravel/framework/src/Illuminate/Routing/ResponseFactory.php(61): Illuminate\\Http\\Response->__construct()
#18 /home/u454421092/domains/wasanthaproducts.com/public_html/inventory/vendor/laravel/framework/src/Illuminate/Routing/ResponseFactory.php(91): Illuminate\\Routing\\ResponseFactory->make()
#19 /home/u454421092/domains/wasanthaproducts.com/public_html/inventory/vendor/laravel/framework/src/Illuminate/Foundation/Exceptions/Handler.php(926): Illuminate\\Routing\\ResponseFactory->view()
#20 /home/u454421092/domains/wasanthaproducts.com/public_html/inventory/vendor/laravel/framework/src/Illuminate/Foundation/Exceptions/Handler.php(847): Illuminate\\Foundation\\Exceptions\\Handler->renderHttpException()
#21 /home/u454421092/domains/wasanthaproducts.com/public_html/inventory/vendor/laravel/framework/src/Illuminate/Foundation/Exceptions/Handler.php(738): Illuminate\\Foundation\\Exceptions\\Handler->prepareResponse()
#22 /home/u454421092/domains/wasanthaproducts.com/public_html/inventory/vendor/laravel/framework/src/Illuminate/Foundation/Exceptions/Handler.php(626): Illuminate\\Foundation\\Exceptions\\Handler->renderExceptionResponse()
#23 /home/u454421092/domains/wasanthaproducts.com/public_html/inventory/vendor/laravel/framework/src/Illuminate/Foundation/Http/Kernel.php(574): Illuminate\\Foundation\\Exceptions\\Handler->render()
#24 /home/u454421092/domains/wasanthaproducts.com/public_html/inventory/vendor/laravel/framework/src/Illuminate/Foundation/Http/Kernel.php(148): Illuminate\\Foundation\\Http\\Kernel->renderException()
#25 /home/u454421092/domains/wasanthaproducts.com/public_html/inventory/vendor/laravel/framework/src/Illuminate/Foundation/Application.php(1220): Illuminate\\Foundation\\Http\\Kernel->handle()
#26 /home/u454421092/domains/wasanthaproducts.com/public_html/inventory/public/index.php(20): Illuminate\\Foundation\\Application->handleRequest()
#27 {main}

[previous exception] [object] (ReflectionException(code: -1): Class \"translator\" does not exist at /home/u454421092/domains/wasanthaproducts.com/public_html/inventory/vendor/laravel/framework/src/Illuminate/Container/Container.php:1122)
[stacktrace]
#0 /home/u454421092/domains/wasanthaproducts.com/public_html/inventory/vendor/laravel/framework/src/Illuminate/Container/Container.php(1122): ReflectionClass->__construct()
#1 /home/u454421092/domains/wasanthaproducts.com/public_html/inventory/vendor/laravel/framework/src/Illuminate/Container/Container.php(933): Illuminate\\Container\\Container->build()
#2 /home/u454421092/domains/wasanthaproducts.com/public_html/inventory/vendor/laravel/framework/src/Illuminate/Foundation/Application.php(1078): Illuminate\\Container\\Container->resolve()
#3 /home/u454421092/domains/wasanthaproducts.com/public_html/inventory/vendor/laravel/framework/src/Illuminate/Container/Container.php(864): Illuminate\\Foundation\\Application->resolve()
#4 /home/u454421092/domains/wasanthaproducts.com/public_html/inventory/vendor/laravel/framework/src/Illuminate/Foundation/Application.php(1058): Illuminate\\Container\\Container->make()
#5 /home/u454421092/domains/wasanthaproducts.com/public_html/inventory/vendor/laravel/framework/src/Illuminate/Foundation/helpers.php(138): Illuminate\\Foundation\\Application->make()
#6 /home/u454421092/domains/wasanthaproducts.com/public_html/inventory/vendor/laravel/framework/src/Illuminate/Foundation/helpers.php(996): app()
#7 /home/u454421092/domains/wasanthaproducts.com/public_html/inventory/vendor/laravel/framework/src/Illuminate/Foundation/helpers.php(1028): trans()
#8 /home/u454421092/domains/wasanthaproducts.com/public_html/inventory/public/C:\\Users\\Dell\\Desktop\\Snack-MMS\\backend\\storage\\framework\\views/9683a9544c45d41f5b8cd1c2c101c1f4.php(1): __()
#9 /home/u454421092/domains/wasanthaproducts.com/public_html/inventory/vendor/laravel/framework/src/Illuminate/Filesystem/Filesystem.php(123): require('/home/u45442109...')
#10 /home/u454421092/domains/wasanthaproducts.com/public_html/inventory/vendor/laravel/framework/src/Illuminate/Filesystem/Filesystem.php(124): Illuminate\\Filesystem\\Filesystem::Illuminate\\Filesystem\\{closure}()
#11 /home/u454421092/domains/wasanthaproducts.com/public_html/inventory/vendor/laravel/framework/src/Illuminate/View/Engines/PhpEngine.php(57): Illuminate\\Filesystem\\Filesystem->getRequire()
#12 /home/u454421092/domains/wasanthaproducts.com/public_html/inventory/vendor/laravel/framework/src/Illuminate/View/Engines/CompilerEngine.php(76): Illuminate\\View\\Engines\\PhpEngine->evaluatePath()
#13 /home/u454421092/domains/wasanthaproducts.com/public_html/inventory/vendor/laravel/framework/src/Illuminate/View/View.php(208): Illuminate\\View\\Engines\\CompilerEngine->get()
#14 /home/u454421092/domains/wasanthaproducts.com/public_html/inventory/vendor/laravel/framework/src/Illuminate/View/View.php(191): Illuminate\\View\\View->getContents()
#15 /home/u454421092/domains/wasanthaproducts.com/public_html/inventory/vendor/laravel/framework/src/Illuminate/View/View.php(160): Illuminate\\View\\View->renderContents()
#16 /home/u454421092/domains/wasanthaproducts.com/public_html/inventory/vendor/laravel/framework/src/Illuminate/Http/Response.php(78): Illuminate\\View\\View->render()
#17 /home/u454421092/domains/wasanthaproducts.com/public_html/inventory/vendor/laravel/framework/src/Illuminate/Http/Response.php(34): Illuminate\\Http\\Response->setContent()
#18 /home/u454421092/domains/wasanthaproducts.com/public_html/inventory/vendor/laravel/framework/src/Illuminate/Routing/ResponseFactory.php(61): Illuminate\\Http\\Response->__construct()
#19 /home/u454421092/domains/wasanthaproducts.com/public_html/inventory/vendor/laravel/framework/src/Illuminate/Routing/ResponseFactory.php(91): Illuminate\\Routing\\ResponseFactory->make()
#20 /home/u454421092/domains/wasanthaproducts.com/public_html/inventory/vendor/laravel/framework/src/Illuminate/Foundation/Exceptions/Handler.php(926): Illuminate\\Routing\\ResponseFactory->view()
#21 /home/u454421092/domains/wasanthaproducts.com/public_html/inventory/vendor/laravel/framework/src/Illuminate/Foundation/Exceptions/Handler.php(847): Illuminate\\Foundation\\Exceptions\\Handler->renderHttpException()
#22 /home/u454421092/domains/wasanthaproducts.com/public_html/inventory/vendor/laravel/framework/src/Illuminate/Foundation/Exceptions/Handler.php(738): Illuminate\\Foundation\\Exceptions\\Handler->prepareResponse()
#23 /home/u454421092/domains/wasanthaproducts.com/public_html/inventory/vendor/laravel/framework/src/Illuminate/Foundation/Exceptions/Handler.php(626): Illuminate\\Foundation\\Exceptions\\Handler->renderExceptionResponse()
#24 /home/u454421092/domains/wasanthaproducts.com/public_html/inventory/vendor/laravel/framework/src/Illuminate/Foundation/Http/Kernel.php(574): Illuminate\\Foundation\\Exceptions\\Handler->render()
#25 /home/u454421092/domains/wasanthaproducts.com/public_html/inventory/vendor/laravel/framework/src/Illuminate/Foundation/Http/Kernel.php(148): Illuminate\\Foundation\\Http\\Kernel->renderException()
#26 /home/u454421092/domains/wasanthaproducts.com/public_html/inventory/vendor/laravel/framework/src/Illuminate/Foundation/Application.php(1220): Illuminate\\Foundation\\Http\\Kernel->handle()
#27 /home/u454421092/domains/wasanthaproducts.com/public_html/inventory/public/index.php(20): Illuminate\\Foundation\\Application->handleRequest()
#28 {main}
"} 
